# Tests the makeGraph method on the courses file to see that it is
# built correctly, prints out nodes and children of nodes

loaded graph g

g contains: cse142 cse143 cse331 cse391 eng101 eng152 eng191 math124 math125 math126
the children of cse331 in g are: cse142(cse) cse143(cse) cse391(cse)
the children of math124 in g are: math125(math) math126(math)
the children of eng101 in g are: eng152(english) eng191(english)